쉘스크립트 002. 쉘프로그래밍 작성

쉘 스크립트 프로그래밍이란?
1. c 언어와 유사한 프로그래밍
2. 변수, 반복문(loop문), 제어문(if문)이 사용가능
3. 별도로 컴파일을 하지 않고 텍스트 파일 형태로 바로 실행이 가능합니다.
4. vi 로 작성이 가능합니다.
5. 리눅스의 많은 부분이 쉘 스크립트로 작성이 되어있습니다.

쉘스크립트를 작성하고 행하는 방법
$ vi a.sh
echo "yahoo~~"
$ sh a.sh

쉘 스크립트를 실행하는 또 다른 방법
$ ./a.sh
-bash: ./a.sh: Permission denied
위와 같은 에러가 납니다. 그래서 아래와 같이 권한을 확인합니다.
$ ls -l a.sh
-rw-rw-r--. 1 scott scott 15 Jan  5 16:13 a.sh

소유자에게 실행권한을 넣어줍니다.
(base) [scott@localhost ~]$ chmod 764  a.sh
(base) [scott@localhost ~]$ ls -l a.sh
-rwxrw-r--. 1 scott scott 15 Jan  5 16:13 a.sh

$ ./a.sh
설명 : ./파일명.sh 로 실행하려면 실행권한이 있어야 합니다.
그러나 sh 파일명.sh 는 파일의 실행권한이 없어도 실행됩니다.